// Jest Snapshot v1, https://goo.gl/fbAQLP

exports[`HelmetSetup renders correctly 1`] = `null`;
